Visualise dependency-related filters on Task, for a collection of tasks


- [ ] No dependency - TODO
    is blocking
        ❌ false
    is blocked
        ❌ false

- [x] No dependency - DONE
    is blocking
        ❌ false
    is blocked
        ❌ false

- [ ] scenario 1 - TODO depends on TODO 🆔 scenario1
    is blocking
        ✅ true
    is blocked
        ❌ false

- [ ] scenario 1 - TODO depends on TODO ⛔️ scenario1
    is blocking
        ❌ false
    is blocked
        ✅ true

- [x] scenario 2 - TODO depends on DONE 🆔 scenario2
    is blocking
        ❌ false
    is blocked
        ❌ false

- [ ] scenario 2 - TODO depends on DONE ⛔️ scenario2
    is blocking
        ❌ false
    is blocked
        ❌ false

- [ ] scenario 3 - DONE depends on TODO 🆔 scenario3
    is blocking
        ❌ false
    is blocked
        ❌ false

- [x] scenario 3 - DONE depends on TODO ⛔️ scenario3
    is blocking
        ❌ false
    is blocked
        ❌ false

- [x] scenario 4 - DONE depends on DONE 🆔 scenario4
    is blocking
        ❌ false
    is blocked
        ❌ false

- [x] scenario 4 - DONE depends on DONE ⛔️ scenario4
    is blocking
        ❌ false
    is blocked
        ❌ false

- [ ] scenario 5 - TODO depends on non-existing ID ⛔️ nosuchid
    is blocking
        ❌ false
    is blocked
        ❌ false

- [ ] scenario 6 - TODO depends on self 🆔 self ⛔️ self
    is blocking
        ✅ true
    is blocked
        ✅ true

- [x] scenario 7 - task with duplicated id - this is DONE                                  - 🆔 scenario7
    is blocking
        ❌ false
    is blocked
        ❌ false

- [ ] scenario 7 - task with duplicated id - this is TODO - and is blocking                - 🆔 scenario7
    is blocking
        ✅ true
    is blocked
        ❌ false

- [ ] scenario 7 - TODO depends on id that is duplicated - ensure all tasks are checked    - ⛔️ scenario7
    is blocking
        ❌ false
    is blocked
        ✅ true

- [ ] scenario 8 - mutually dependant 🆔 scenario8a ⛔️ scenario8b
    is blocking
        ✅ true
    is blocked
        ✅ true

- [ ] scenario 8 - mutually dependant 🆔 scenario8b ⛔️ scenario8a
    is blocking
        ✅ true
    is blocked
        ✅ true

- [ ] scenario 9 - cyclic dependency 🆔 scenario9a ⛔️ scenario9c
    is blocking
        ✅ true
    is blocked
        ✅ true

- [ ] scenario 9 - cyclic dependency 🆔 scenario9b ⛔️ scenario9a
    is blocking
        ✅ true
    is blocked
        ✅ true

- [ ] scenario 9 - cyclic dependency 🆔 scenario9c ⛔️ scenario9b
    is blocking
        ✅ true
    is blocked
        ✅ true

- [ ] scenario 10 - multiple dependencies TODO         - 🆔 scenario10a
    is blocking
        ✅ true
    is blocked
        ❌ false

- [/] scenario 10 - multiple dependencies IN_PROGRESS  - 🆔 scenario10b
    is blocking
        ✅ true
    is blocked
        ❌ false

- [x] scenario 10 - multiple dependencies DONE         - 🆔 scenario10c
    is blocking
        ❌ false
    is blocked
        ❌ false

- [-] scenario 10 - multiple dependencies CANCELLED    - 🆔 scenario10d
    is blocking
        ❌ false
    is blocked
        ❌ false

- [Q] scenario 10 - multiple dependencies NON_TASK     - 🆔 scenario10e
    is blocking
        ❌ false
    is blocked
        ❌ false

- [ ] scenario 10 - multiple dependencies              - ⛔️ scenario10a,scenario10b,scenario10c,scenario10d,scenario10e
    is blocking
        ❌ false
    is blocked
        ✅ true

- [ ] scenario 11 - indirect dependency - indirect blocking of scenario11c ignored - 🆔 scenario11a
    is blocking
        ❌ false
    is blocked
        ❌ false

- [x] scenario 11 - indirect dependency - DONE                                     - 🆔 scenario11b ⛔️ scenario11a
    is blocking
        ❌ false
    is blocked
        ❌ false

- [ ] scenario 11 - indirect dependency - indirect blocking of scenario11a ignored - 🆔 scenario11c ⛔️ scenario11b
    is blocking
        ❌ false
    is blocked
        ❌ false

