Results of custom groupers



group by function task.file.path
Like 'group by path' but includes the file extension
=>

====================================================================================

