Results of custom groupers



group by function task.priorityName
Group by the task's priority name
Note that the default priority is called 'Normal', as opposed to with `group by priority` which calls the default 'None'
=>
High
Highest
Low
Lowest
Medium
Normal
====================================================================================

