Results of custom sorters



sort by function task.heading
Like 'sort by heading'.
=>
- [ ] xyz in 'a_b_c.md' in heading 'a_b_c'
- [ ] xyz in 'a/b/c.md' in heading 'c'
- [ ] xyz in '' in heading 'heading'
- [ ] xyz in 'a/d/c.md' in heading 'heading'
- [ ] xyz in 'e/d/c.md' in heading 'heading'
- [ ] xyz in 'a/b/_c_.md' in heading 'heading _italic text_'
- [ ] xyz in 'a/b.md' in heading 'null'
- [ ] xyz in 'a/b/_c_.md' in heading 'null'
- [ ] xyz in 'a/b/c.md' in heading 'null'
====================================================================================

