Results of custom sorters



sort by function task.tags.filter( (tag) => tag.includes("#context/")).sort().join(",")
Sort by tags that contain "#context/".
Any tasks without that tag are sorted first.
=>
- [ ] my description
- [ ] my description #tag
- [ ] my description #tag/subtag
- [ ] my description #tag/subtag/sub-sub-tag
- [ ] my description #multiple-tags1 #multiple-tags2
- [ ] my description #project/project1
- [ ] my description #context/home
- [ ] my description #context/work
====================================================================================

