Results of custom sorters



sort by function task.description.length
sort by length of description, shortest first.
This might be useful for finding tasks that need more information, or could be made less verbose.
=>
- [ ] my description
- [ ] short description
- [ ] my description #tag
- [ ] my description #tag/subtag
- [ ] my description #context/home
- [ ] my description #context/work
- [ ] my description #project/project1
- [ ] my description #tag/subtag/sub-sub-tag
- [ ] my description #multiple-tags1 #multiple-tags2
- [ ] long description Lorem ipsum dolor sit amet, consectetur adipiscing elit. Fusce quam ipsum, consectetur ut dolor nec, fringilla lobortis mi. Vestibulum gravida tincidunt urna nec ornare. Cras sit amet sagittis sapien, vitae mattis velit. Vestibulum sem tortor, blandit at ultrices eget, ultrices eget odio. Donec efficitur purus massa, vel molestie turpis tincidunt id. 
====================================================================================

