Results of custom groupers



group by function task.created.format("YYYY-MM-DD dddd")
Like "group by created", except it uses an empty string instead of "No created date" if there is no created date.
=>

====================================================================================

