
| ⏎ | <new line> |
| 📅 due date | 📅  |
| 🛫 start date | 🛫  |
| ⏳ scheduled date | ⏳  |
| ⏫ high priority | ⏫  |
| 🔼 medium priority | 🔼  |
| 🔽 low priority | 🔽  |
| 🔁 recurring (repeat) | 🔁  |
| ➕ created today (2022-07-11) | ➕ 2022-07-11  |
| every | 🔁 every  |
| every day | 🔁 every day  |
| every week | 🔁 every week  |
| every month | 🔁 every month  |
| every month on the | 🔁 every month on the  |
| every year | 🔁 every year  |
| every week on Sunday | 🔁 every week on Sunday  |
| every week on Monday | 🔁 every week on Monday  |
| every week on Tuesday | 🔁 every week on Tuesday  |
| every week on Wednesday | 🔁 every week on Wednesday  |
| every week on Thursday | 🔁 every week on Thursday  |
| every week on Friday | 🔁 every week on Friday  |
| every week on Saturday | 🔁 every week on Saturday  |
| today (2022-07-11) | 📅 2022-07-11  |
| tomorrow (2022-07-12) | 📅 2022-07-12  |
| Sunday (2022-07-17) | 📅 2022-07-17  |
| Monday (2022-07-18) | 📅 2022-07-18  |
| Tuesday (2022-07-12) | 📅 2022-07-12  |
| today (2022-07-11) | ⏳ 2022-07-11  |
| tomorrow (2022-07-12) | ⏳ 2022-07-12  |
| Sunday (2022-07-17) | ⏳ 2022-07-17  |
| Monday (2022-07-18) | ⏳ 2022-07-18  |
| Tuesday (2022-07-12) | ⏳ 2022-07-12  |
| today (2022-07-11) | 🛫 2022-07-11  |
| tomorrow (2022-07-12) | 🛫 2022-07-12  |
| Sunday (2022-07-17) | 🛫 2022-07-17  |
| Monday (2022-07-18) | 🛫 2022-07-18  |
| Tuesday (2022-07-12) | 🛫 2022-07-12  |
